{"at":"2026-10-08T01:07:04.156Z","evidenceAlertId":"bf-01","action":"block","confidence":0.95,"reason":"같은 출발 주소의 단시간 로그인 실패 연속","enforced":false}
{"at":"2026-10-08T01:07:04.156Z","evidenceAlertId":"bf-02","action":"block","confidence":0.95,"reason":"여러 계정에 같은 비밀번호 대입","enforced":false}
{"at":"2026-10-08T01:07:04.156Z","evidenceAlertId":"bf-03","action":"block","confidence":0.95,"reason":"같은 출발 주소의 단시간 로그인 실패 연속","enforced":false}
{"at":"2026-10-08T01:07:04.156Z","evidenceAlertId":"bf-04","action":"block","confidence":0.95,"reason":"같은 출발 주소의 단시간 로그인 실패 연속","enforced":false}
{"at":"2026-10-08T01:07:04.156Z","evidenceAlertId":"bf-05","action":"block","confidence":0.95,"reason":"같은 출발 주소의 단시간 로그인 실패 연속","enforced":false}
{"at":"2026-10-08T01:07:04.156Z","evidenceAlertId":"bf-06","action":"block","confidence":0.95,"reason":"같은 출발 주소의 단시간 로그인 실패 연속","enforced":false}
{"at":"2026-10-08T01:07:04.156Z","evidenceAlertId":"bf-07","action":"block","confidence":0.95,"reason":"같은 출발 주소의 단시간 로그인 실패 연속","enforced":false}
{"at":"2026-10-08T01:07:04.156Z","evidenceAlertId":"bf-08","action":"block","confidence":0.95,"reason":"같은 출발 주소의 단시간 로그인 실패 연속","enforced":false}
{"at":"2026-10-08T01:07:04.156Z","evidenceAlertId":"bf-09","action":"block","confidence":0.95,"reason":"여러 계정에 같은 비밀번호 대입","enforced":false}
{"at":"2026-10-08T01:07:04.156Z","evidenceAlertId":"bf-10","action":"block","confidence":0.95,"reason":"같은 출발 주소의 단시간 로그인 실패 연속","enforced":false}
{"at":"2026-10-08T01:07:04.156Z","evidenceAlertId":"bf-11","action":"alert","confidence":0.5,"reason":"같은 출발 주소의 단시간 로그인 실패 연속 (확인 필요: Jev 응답 없음)","enforced":false}
{"at":"2026-10-08T01:07:04.156Z","evidenceAlertId":"bf-12","action":"alert","confidence":0.5,"reason":"같은 출발 주소의 단시간 로그인 실패 연속 (확인 필요: Jev 응답 없음)","enforced":false}
{"at":"2026-10-08T01:07:04.156Z","evidenceAlertId":"bf-13","action":"alert","confidence":0.5,"reason":"같은 출발 주소의 단시간 로그인 실패 연속 (확인 필요: Jev 응답 없음)","enforced":false}
{"at":"2026-10-08T01:07:04.156Z","evidenceAlertId":"bf-14","action":"alert","confidence":0.5,"reason":"같은 출발 주소의 단시간 로그인 실패 연속 (확인 필요: Jev 응답 없음)","enforced":false}
{"at":"2026-10-08T01:07:04.156Z","evidenceAlertId":"bf-15","action":"alert","confidence":0.5,"reason":"같은 출발 주소의 단시간 로그인 실패 연속 (확인 필요: Jev 응답 없음)","enforced":false}
{"at":"2026-10-08T01:07:04.156Z","evidenceAlertId":"bf-16","action":"alert","confidence":0.5,"reason":"같은 출발 주소의 단시간 로그인 실패 연속 (확인 필요: Jev 응답 없음)","enforced":false}
{"at":"2026-10-08T01:07:04.156Z","evidenceAlertId":"bf-17","action":"alert","confidence":0.5,"reason":"같은 출발 주소의 단시간 로그인 실패 연속 (확인 필요: Jev 응답 없음)","enforced":false}
{"at":"2026-10-08T01:07:04.156Z","evidenceAlertId":"bf-18","action":"alert","confidence":0.5,"reason":"같은 출발 주소의 단시간 로그인 실패 연속 (확인 필요: Jev 응답 없음)","enforced":false}
{"at":"2026-10-08T01:07:04.156Z","evidenceAlertId":"bf-19","action":"alert","confidence":0.5,"reason":"같은 출발 주소의 단시간 로그인 실패 연속 (확인 필요: Jev 응답 없음)","enforced":false}
{"at":"2026-10-08T03:00:56.525Z","evidenceAlertId":"wi-01","action":"block","confidence":0.95,"reason":"요청 인자의 SQL 주입 형태","enforced":false}
{"at":"2026-10-08T03:00:56.525Z","evidenceAlertId":"wi-02","action":"block","confidence":0.95,"reason":"요청 인자의 스크립트 태그","enforced":false}
{"at":"2026-10-08T03:00:56.525Z","evidenceAlertId":"wi-03","action":"block","confidence":0.95,"reason":"반복된 상위 경로 탐색","enforced":false}
{"at":"2026-10-08T03:00:56.525Z","evidenceAlertId":"wi-04","action":"block","confidence":0.95,"reason":"요청 인자의 SQL 주입 형태","enforced":false}
{"at":"2026-10-08T03:00:56.525Z","evidenceAlertId":"wi-05","action":"block","confidence":0.95,"reason":"요청 인자의 SQL 주입 형태 · 요청 인자의 스크립트 태그","enforced":false}
{"at":"2026-10-08T03:00:56.525Z","evidenceAlertId":"wi-06","action":"alert","confidence":0.5,"reason":"요청 인자의 SQL 주입 형태 / 요청 인자의 스크립트 태그 / 반복된 상위 경로 탐색 (확인 필요: 근거 불충분)","enforced":false}
{"at":"2026-10-08T03:00:56.525Z","evidenceAlertId":"wi-07","action":"block","confidence":0.95,"reason":"반복된 상위 경로 탐색","enforced":false}
{"at":"2026-10-08T03:00:56.525Z","evidenceAlertId":"wi-08","action":"block","confidence":0.95,"reason":"요청 인자의 SQL 주입 형태","enforced":false}
{"at":"2026-10-08T03:00:56.525Z","evidenceAlertId":"wi-09","action":"alert","confidence":0.5,"reason":"요청 인자의 SQL 주입 형태 / 요청 인자의 스크립트 태그 / 반복된 상위 경로 탐색 (확인 필요: 근거 불충분)","enforced":false}
{"at":"2026-10-08T03:00:56.525Z","evidenceAlertId":"wi-10","action":"alert","confidence":0.5,"reason":"요청 인자의 SQL 주입 형태 / 요청 인자의 스크립트 태그 / 반복된 상위 경로 탐색 (확인 필요: 근거 불충분)","enforced":false}
{"at":"2026-10-08T03:00:56.525Z","evidenceAlertId":"wi-11","action":"alert","confidence":0.5,"reason":"요청 인자의 SQL 주입 형태 / 요청 인자의 스크립트 태그 / 반복된 상위 경로 탐색 (확인 필요: 근거 불충분)","enforced":false}
{"at":"2026-10-08T03:00:56.525Z","evidenceAlertId":"wi-12","action":"alert","confidence":0.5,"reason":"요청 인자의 SQL 주입 형태 / 요청 인자의 스크립트 태그 / 반복된 상위 경로 탐색 (확인 필요: 근거 불충분)","enforced":false}
{"at":"2026-10-08T03:00:56.525Z","evidenceAlertId":"wi-13","action":"alert","confidence":0.5,"reason":"요청 인자의 SQL 주입 형태 / 요청 인자의 스크립트 태그 / 반복된 상위 경로 탐색 (확인 필요: 근거 불충분)","enforced":false}
{"at":"2026-10-08T03:00:56.525Z","evidenceAlertId":"wi-14","action":"alert","confidence":0.5,"reason":"요청 인자의 SQL 주입 형태 / 요청 인자의 스크립트 태그 / 반복된 상위 경로 탐색 (확인 필요: 근거 불충분)","enforced":false}
{"at":"2026-10-08T03:00:56.525Z","evidenceAlertId":"wi-15","action":"alert","confidence":0.5,"reason":"요청 인자의 SQL 주입 형태 / 요청 인자의 스크립트 태그 / 반복된 상위 경로 탐색 (확인 필요: 근거 불충분)","enforced":false}
{"at":"2026-10-08T03:00:56.525Z","evidenceAlertId":"wi-16","action":"alert","confidence":0.5,"reason":"요청 인자의 SQL 주입 형태 / 요청 인자의 스크립트 태그 / 반복된 상위 경로 탐색 (확인 필요: 근거 불충분)","enforced":false}
{"at":"2026-10-08T03:00:56.525Z","evidenceAlertId":"wi-17","action":"alert","confidence":0.5,"reason":"요청 인자의 SQL 주입 형태 / 요청 인자의 스크립트 태그 / 반복된 상위 경로 탐색 (확인 필요: 근거 불충분)","enforced":false}
